<div class="bn-block-group" data-node-type="blockGroup"><div class="bn-block-outer" data-node-type="blockOuter" data-id="1"><div class="bn-block" data-node-type="blockContainer" data-id="1"><div class="bn-block-column" data-node-type="column" data-id="2" data-width="1" style="flex-grow: 1;"></div><div class="bn-block-group" data-node-type="blockGroup"><div class="bn-block-outer" data-node-type="blockOuter" data-id="2"><div class="bn-block" data-node-type="blockContainer" data-id="2"><div class="bn-block-outer" data-node-type="blockOuter" data-id="3"><div class="bn-block" data-node-type="blockContainer" data-id="3"></div></div><div class="bn-block-group" data-node-type="blockGroup"><div class="bn-block-outer" data-node-type="blockOuter" data-id="3"><div class="bn-block" data-node-type="blockContainer" data-id="3"><div class="bn-block-content" data-content-type="paragraph"><p class="bn-inline-content">Column Paragraph 0</p></div></div></div><div class="bn-block-outer" data-node-type="blockOuter" data-id="4"><div class="bn-block" data-node-type="blockContainer" data-id="4"><div class="bn-block-content" data-content-type="paragraph"><p class="bn-inline-content">Column Paragraph 1</p></div></div></div></div></div></div><div class="bn-block-outer" data-node-type="blockOuter" data-id="5"><div class="bn-block" data-node-type="blockContainer" data-id="5"><div class="bn-block-outer" data-node-type="blockOuter" data-id="6"><div class="bn-block" data-node-type="blockContainer" data-id="6"></div></div><div class="bn-block-group" data-node-type="blockGroup"><div class="bn-block-outer" data-node-type="blockOuter" data-id="6"><div class="bn-block" data-node-type="blockContainer" data-id="6"><div class="bn-block-content" data-content-type="paragraph"><p class="bn-inline-content"></p></div></div></div><div class="bn-block-outer" data-node-type="blockOuter" data-id="column-paragraph-3"><div class="bn-block" data-node-type="blockContainer" data-id="column-paragraph-3"><div class="bn-block-content" data-content-type="paragraph"><p class="bn-inline-content">Column Paragraph 3</p></div></div></div></div></div></div></div></div></div></div>